[sunup.edu.bd/index.html]
[sunup.edu.bd/xmlrpc.php]
[backblue.gif]
[fade.gif]
[index.html]
[sunup.edu.bd/wp-includes/css/dist/block-library/style.min1eb7.css]
[sunup.edu.bd/feed/index.html]
[sunup.edu.bd/wp-content/plugins/contact-form-7/includes/css/styles77e1.css]
[sunup.edu.bd/wp-content/plugins/tc-portfolio/assets/css/tc-portfolio-style1eb7.css]
[sunup.edu.bd/wp-content/plugins/tc-portfolio/assets/css/tcode-grid1eb7.css]
[maxcdn.bootstrapcdn.com/font-awesome/4.7.0/css/font-awesome.min1eb7.css]
[sunup.edu.bd/wp-content/plugins/tc-portfolio/vendors/magnific-popup/magnific-popup1eb7.css]
[sunup.edu.bd/wp-content/uploads/maxmegamenu/style299e.css]
[sunup.edu.bd/comments/feed/index.html]
[sunup.edu.bd/wp-includes/css/dashicons.min1eb7.css]
[sunup.edu.bd/wp-content/themes/flatsome/assets/css/fl-iconsae34.css]
[sunup.edu.bd/wp-content/uploads/pum/pum-site-stylesbb60.css]
[sunup.edu.bd/wp-content/themes/flatsome/assets/css/flatsome7ff8.css]
[sunup.edu.bd/wp-content/themes/flatsome/style7ff8.css]
[sunup.edu.bd/wp-includes/js/jquery/jquery-migrate.mind617.js]
[sunup.edu.bd/wp-includes/js/jquery/jquery.minaf6c.js]
[sunup.edu.bd/wp-content/plugins/tc-portfolio/assets/js/tc-custom1eb7.js]
[sunup.edu.bd/wp-json/index.html]
[sunup.edu.bd/wp-json/wp/v2/pages/8.json]
[sunup.edu.bd/xmlrpc0db0.php]
[sunup.edu.bd/wp-includes/wlwmanifest.xml]
[sunup.edu.bd/wp-json/oembed/1.0/embed8c54.json]
[sunup.edu.bd/wp-json/oembed/1.0/embede6c5]
[sunup.edu.bd/wp-content/uploads/2020/01/Sunup-Logo.ico]
[sunup.edu.bd/wp-content/uploads/2021/08/SunUp-School-BG.png]
[sunup.edu.bd/wp-content/uploads/2021/08/Phone-Icon-of-SunUp.png]
[sunup.edu.bd/wp-content/uploads/2021/08/Mail-Icon-of-SunUp.png]
[sunup.edu.bd/sunup/SunUP.apk]
[sunup.edu.bd/sunup/certificate_verification/index.html]
[sunup.edu.bd/sunup/site/userlogin.html]
[sunup.edu.bd/sunup/site/login.html]
[sunup.edu.bd/wp-content/uploads/2020/01/Sunup-Logo.png]
[sunup.edu.bd/wp-content/uploads/2020/01/Sunup-International-School-College_2.jpg]
[sunup.edu.bd/wp-content/uploads/2021/08/Student-Icon-of-SunUp-254x300.png]
[sunup.edu.bd/principals-message/index.html]
[sunup.edu.bd/mission-vision/index.html]
[sunup.edu.bd/history/index.html]
[sunup.edu.bd/wp-content/uploads/2021/08/Kazi-Shamsun-Naher-Alo-Academic-Head-SunUp.png]
[sunup.edu.bd/salient-features/index.html]
[sunup.edu.bd/aims-objectives/index.html]
[sunup.edu.bd/wp-content/uploads/2021/08/Principals-Profile.png]
[sunup.edu.bd/campus-1/index.html]
[sunup.edu.bd/wp-content/uploads/2020/01/1-2.jpg]
[sunup.edu.bd/campus-2/index.html]
[sunup.edu.bd/wp-content/uploads/2020/06/Sunup-Online-Activities-1024x576.jpg]
[sunup.edu.bd/admission-notice/index.html]
[sunup.edu.bd/wp-content/uploads/2020/06/2-1024x576.jpg]
[sunup.edu.bd/our-brochure/index.html]
[sunup.edu.bd/academics-programme/index.html]
[sunup.edu.bd/wp-content/uploads/2020/06/3-1024x576.jpg]
[sunup.edu.bd/wp-content/uploads/2020/06/4-1024x576.jpg]
[sunup.edu.bd/admission-form/index.html]
[sunup.edu.bd/wp-content/uploads/2020/06/5-1024x576.jpg]
[sunup.edu.bd/management/index.html]
[sunup.edu.bd/wp-content/uploads/2020/06/6-1024x576.jpg]
[sunup.edu.bd/academic-head/index.html]
[sunup.edu.bd/wp-content/uploads/2020/06/7-1024x576.jpg]
[sunup.edu.bd/teachers/index.html]
[sunup.edu.bd/wp-content/uploads/2020/06/8-1024x576.jpg]
[sunup.edu.bd/e-learning/index.html]
[sunup.edu.bd/wp-content/uploads/2020/06/9-1024x576.jpg]
[sunup.edu.bd/students-oath/index.html]
[sunup.edu.bd/wp-content/uploads/2020/06/10-1024x576.jpg]
[sunup.edu.bd/dress-code/index.html]
[sunup.edu.bd/wp-content/uploads/2020/06/11-1024x576.jpg]
[sunup.edu.bd/exam-rules/index.html]
[sunup.edu.bd/wp-content/uploads/2020/06/12-1024x576.jpg]
[sunup.edu.bd/code-of-conduct/index.html]
[sunup.edu.bd/wp-content/uploads/2020/06/13-1024x576.jpg]
[sunup.edu.bd/classroom-maintenance/index.html]
[sunup.edu.bd/pupils-rights-responsibilities/index.html]
[sunup.edu.bd/wp-content/uploads/2020/06/14-1024x576.jpg]
[sunup.edu.bd/notice-for-psc/index.html]
[sunup.edu.bd/achivement/index.html]
[sunup.edu.bd/wp-content/uploads/2020/06/15-1024x576.jpg]
[sunup.edu.bd/notice-for-jsc/index.html]
[sunup.edu.bd/notice-for-ssc/index.html]
[sunup.edu.bd/wp-content/uploads/2020/06/16-1024x576.jpg]
[sunup.edu.bd/notice-for-hsc/index.html]
[sunup.edu.bd/wp-content/uploads/2020/06/17-1024x576.jpg]
[sunup.edu.bd/notice-for-others/index.html]
[sunup.edu.bd/transportation/index.html]
[sunup.edu.bd/wp-content/uploads/2020/06/18-1024x576.jpg]
[sunup.edu.bd/cafeteria/index.html]
[sunup.edu.bd/wp-content/uploads/2020/06/19-1024x576.jpg]
[sunup.edu.bd/health-care/index.html]
[sunup.edu.bd/wp-content/uploads/2020/06/20-1024x576.jpg]
[sunup.edu.bd/smart-class/index.html]
[sunup.edu.bd/study-tour/index.html]
[sunup.edu.bd/wp-content/uploads/2020/06/21-1024x576.jpg]
[sunup.edu.bd/career/index.html]
[sunup.edu.bd/photo-gallery/index.html]
[sunup.edu.bd/wp-content/uploads/2020/06/22-1024x576.jpg]
[sunup.edu.bd/video-gallery/index.html]
[sunup.edu.bd/contact-details/index.html]
[sunup.edu.bd/wp-content/uploads/2021/08/Spinner.gif]
[sunup.edu.bd/wp-content/uploads/2021/11/School-Prospectus-of-SunUp-711x1024.jpg]
[sunup.edu.bd/wp-content/uploads/2020/01/1-2.png]
[sunup.edu.bd/wp-content/uploads/2021/09/SunUp-1024x768.jpg]
[sunup.edu.bd/wp-content/uploads/2020/02/Winner-of-Bangladesh-Physics-Olympiad-2020_L.jpg]
[sunup.edu.bd/winner-of-bangladesh-physics-olympiad-2020/index.html]
[sunup.edu.bd/wp-content/uploads/2020/12/7BM-1024x448.png]
[sunup.edu.bd/assignment-evolution-2020/index.html]
[sunup.edu.bd/wp-content/uploads/2020/01/Freedom-Soft-Logo.png]
[sunup.edu.bd/privacy-policy/index.html]
[sunup.edu.bd/wp-content/uploads/2020/03/Corona-Sunup.jpg]
[sunup.edu.bd/terms-conditions/index.html]
[sunup.edu.bd/wp-content/plugins/contact-form-7/includes/swv/js/index77e1.js]
[sunup.edu.bd/wp-content/plugins/contact-form-7/includes/js/index77e1.js]
[sunup.edu.bd/wp-content/plugins/tc-portfolio/vendors/isotope/isotope.pkgd.min324d.js]
[sunup.edu.bd/wp-content/plugins/tc-portfolio/vendors/magnific-popup/jquery.magnific-popup.min2f3e.js]
[sunup.edu.bd/wp-content/themes/flatsome/inc/extensions/flatsome-live-search/flatsome-live-search7ff8.js]
[sunup.edu.bd/wp-includes/js/jquery/ui/core.min0028.js]
[sunup.edu.bd/wp-content/uploads/pum/pum-site-scriptsbad1.js]
[sunup.edu.bd/wp-includes/js/hoverIntent.min3e5a.js]
[sunup.edu.bd/index.html]
[sunup.edu.bd/xmlrpc.php]
[sunup.edu.bd/wp-includes/css/dist/block-library/style.min1eb7.css]
[sunup.edu.bd/wp-content/plugins/contact-form-7/includes/css/styles77e1.css]
[sunup.edu.bd/wp-content/plugins/tc-portfolio/assets/css/tc-portfolio-style1eb7.css]
[sunup.edu.bd/wp-content/plugins/tc-portfolio/assets/css/tcode-grid1eb7.css]
[maxcdn.bootstrapcdn.com/font-awesome/4.7.0/css/font-awesome.min1eb7.css]
[sunup.edu.bd/wp-content/plugins/tc-portfolio/vendors/magnific-popup/magnific-popup1eb7.css]
[sunup.edu.bd/wp-content/uploads/maxmegamenu/style299e.css]
[sunup.edu.bd/wp-content/plugins/megamenu/js/maxmegamenu6aec.js]
[sunup.edu.bd/wp-content/themes/flatsome/assets/js/flatsome7ff8.js]
[sunup.edu.bd/wp-includes/fonts/dashicons7d4b.eot]
[sunup.edu.bd/wp-includes/fonts/dashicons7d4b.ttf]
[sunup.edu.bd/wp-includes/css/dashicons.min1eb7.css]
[sunup.edu.bd/wp-content/themes/flatsome/assets/css/icons/fl-icons.eot]
[sunup.edu.bd/wp-content/themes/flatsome/assets/css/icons/fl-icons.woff2]
[sunup.edu.bd/wp-content/themes/flatsome/assets/css/icons/fl-icons.ttf]
[sunup.edu.bd/wp-content/themes/flatsome/assets/css/icons/fl-icons.woff]
[sunup.edu.bd/wp-content/themes/flatsome/assets/css/fl-iconsae34.css]
[sunup.edu.bd/wp-content/uploads/pum/pum-site-stylesbb60.css]
[sunup.edu.bd/wp-content/themes/flatsome/assets/css/icons/fl-icons.svg]
[sunup.edu.bd/wp-content/themes/flatsome/assets/img/shadow@2x.png]
[sunup.edu.bd/wp-content/themes/flatsome/assets/img/underline.png]
[sunup.edu.bd/wp-content/themes/flatsome/assets/css/flatsome7ff8.css]
[sunup.edu.bd/wp-content/themes/flatsome/style7ff8.css]
[sunup.edu.bd/sunup/certificate_verification/images/Sunup_Logo.png]
[sunup.edu.bd/sunup/certificate_verification/css/maincss.css]
[sunup.edu.bd/sunup/certificate_verification/index.html]
[sunup.edu.bd/sunup/certificate_verification/js/extention/flatpickr.js]
[sunup.edu.bd/sunup/certificate_verification/js/extention/choices.js]
[sunup.edu.bd/sunup/backend/images/s-favican.png]
[sunup.edu.bd/sunup/backend/usertemplate/assets/bootstrap/css/bootstrap.min.css]
[sunup.edu.bd/sunup/backend/usertemplate/assets/font-awesome/css/font-awesome.min.css]
[sunup.edu.bd/sunup/backend/usertemplate/assets/css/form-elements.css]
[sunup.edu.bd/sunup/backend/usertemplate/assets/css/style.css]
[sunup.edu.bd/sunup/backend/usertemplate/assets/css/jquery.mCustomScrollbar.min.css]
[sunup.edu.bd/sunup/backend/images/s_logo.png]
[sunup.edu.bd/sunup/site/ufpassword.html]
[sunup.edu.bd/sunup/backend/usertemplate/assets/js/jquery-1.11.1.min.js]
[sunup.edu.bd/sunup/backend/usertemplate/assets/bootstrap/js/bootstrap.min.js]
[sunup.edu.bd/sunup/backend/usertemplate/assets/js/jquery.backstretch.min.js]
[sunup.edu.bd/sunup/backend/usertemplate/assets/js/jquery.mCustomScrollbar.min.js]
[sunup.edu.bd/sunup/backend/usertemplate/assets/js/jquery.mousewheel.min.js]
[sunup.edu.bd/sunup/site/userlogin.html]
[sunup.edu.bd/sunup/site/forgotpassword.html]
[sunup.edu.bd/sunup/site/login.html]
[sunup.edu.bd/wp-json/wp/v2/pages/713.json]
[sunup.edu.bd/wp-json/oembed/1.0/embedf467.json]
[sunup.edu.bd/wp-json/oembed/1.0/embed489d]
[sunup.edu.bd/wp-content/uploads/2021/08/Kazi-Shamsun-Naher-Alo-Principal-SunUp-International-School-College-Kushtia.png]
[sunup.edu.bd/principals-message/index.html]
[sunup.edu.bd/wp-json/wp/v2/pages/319.json]
[sunup.edu.bd/wp-json/oembed/1.0/embed53bb.json]
[sunup.edu.bd/history/index.html]
[sunup.edu.bd/wp-json/oembed/1.0/embed4649]
[sunup.edu.bd/wp-json/wp/v2/pages/321.json]
[sunup.edu.bd/wp-json/oembed/1.0/embeda695.json]
[sunup.edu.bd/wp-json/oembed/1.0/embed5e01]
[sunup.edu.bd/wp-content/uploads/2021/08/Mission-Vision-of-SunUp-1024x616.png]
[sunup.edu.bd/mission-vision/index.html]
[sunup.edu.bd/wp-json/wp/v2/pages/322.json]
[sunup.edu.bd/wp-json/oembed/1.0/embed309a.json]
[sunup.edu.bd/aims-objectives/index.html]
[sunup.edu.bd/wp-json/oembed/1.0/embedb173]
[sunup.edu.bd/wp-json/wp/v2/pages/323.json]
[sunup.edu.bd/wp-json/oembed/1.0/embed24e9.json]
[sunup.edu.bd/wp-json/oembed/1.0/embed9e8c]
[sunup.edu.bd/salient-features/index.html]
[sunup.edu.bd/wp-json/wp/v2/pages/333.json]
[sunup.edu.bd/wp-json/oembed/1.0/embedc6a6.json]
[sunup.edu.bd/wp-json/oembed/1.0/embed1fae]
[sunup.edu.bd/wp-content/uploads/2021/08/Locatopn-Icons-of-SunUp-300x249.png]
[sunup.edu.bd/wp-content/uploads/2021/08/Phone-Icon-of-SunUp-2-300x250.png]
[sunup.edu.bd/wp-content/uploads/2021/08/Information-Desk-Icons-of-SunUp-300x249.png]
[sunup.edu.bd/campus-1/index.html]
[sunup.edu.bd/wp-json/wp/v2/pages/334.json]
[sunup.edu.bd/wp-json/oembed/1.0/embed5c5b.json]
[sunup.edu.bd/campus-2/index.html]
[sunup.edu.bd/wp-json/oembed/1.0/embed757c]
[sunup.edu.bd/wp-json/wp/v2/pages/340.json]
[sunup.edu.bd/wp-json/oembed/1.0/embed2cf0.json]
[sunup.edu.bd/admission-notice/index.html]
[sunup.edu.bd/wp-json/oembed/1.0/embedea8f]
[sunup.edu.bd/wp-json/wp/v2/pages/833.json]
[sunup.edu.bd/wp-json/oembed/1.0/embedafff.json]
[sunup.edu.bd/wp-json/oembed/1.0/embed052a]
[sunup.edu.bd/wp-content/uploads/2020/01/Sunup-Leaflet-Main-783x1024.jpg]
[sunup.edu.bd/our-brochure/index.html]
[sunup.edu.bd/wp-json/wp/v2/pages/343.json]
[sunup.edu.bd/wp-json/oembed/1.0/embed68eb.json]
[sunup.edu.bd/wp-json/oembed/1.0/embedd1cc]
[sunup.edu.bd/wp-content/uploads/2020/01/title.png]
[sunup.edu.bd/wp-content/uploads/2020/01/Sunup-School-Background.jpg]
[sunup.edu.bd/academics-programme/index.html]
[sunup.edu.bd/wp-json/wp/v2/pages/345.json]
[sunup.edu.bd/wp-json/oembed/1.0/embedc937.json]
[sunup.edu.bd/admission-form/index.html]
[sunup.edu.bd/wp-json/oembed/1.0/embed4d0a]
[sunup.edu.bd/wp-json/wp/v2/pages/356.json]
[sunup.edu.bd/wp-json/oembed/1.0/embedcc28.json]
[sunup.edu.bd/wp-json/oembed/1.0/embede55b]
[sunup.edu.bd/wp-content/uploads/2021/08/Kazi-Shamsun-Naher-Alo-Principal-SunUp-757x1024.png]
[sunup.edu.bd/wp-content/uploads/2021/08/Adv.-Md.-Mossaddeque-Ali-Moni-Director-SunUp-755x1024.png]
[sunup.edu.bd/wp-content/uploads/2021/08/Md.-Faizur-Rahman-Vice-–-Principal-SunUp-755x1024.png]
[sunup.edu.bd/management/index.html]
[sunup.edu.bd/wp-json/wp/v2/pages/358.json]
[sunup.edu.bd/wp-json/oembed/1.0/embed4292.json]
[sunup.edu.bd/academic-head/index.html]
[sunup.edu.bd/wp-json/oembed/1.0/embedc190]
[sunup.edu.bd/wp-json/wp/v2/pages/359.json]
[sunup.edu.bd/wp-json/oembed/1.0/embed1f79.json]
[sunup.edu.bd/wp-json/oembed/1.0/embeddf1d]
[sunup.edu.bd/wp-content/uploads/2020/01/9-1.jpg]
[sunup.edu.bd/wp-content/uploads/2021/09/Kazi-Shamsun-Naher-Alo-Principal-SunUp-International-School-College_Bck.png]
[sunup.edu.bd/wp-content/uploads/2020/01/Md.-Faizur-Rahman.png]
[sunup.edu.bd/wp-content/uploads/2020/03/Ratna-Bagchi.png]
[sunup.edu.bd/wp-content/uploads/2020/03/S.-M.-Rumy-Hossain.png]
[sunup.edu.bd/wp-content/uploads/2020/03/Md.-Naharul-Hayat.png]
[sunup.edu.bd/wp-content/uploads/2020/03/Tamanna-Monowar.png]
[sunup.edu.bd/wp-content/uploads/2020/03/Md.-Fayshal-Ahamed.png]
[sunup.edu.bd/wp-content/uploads/2020/03/Shakila-Taskin-Shampa.png]
[sunup.edu.bd/wp-content/uploads/2021/10/Irin-Shultana.jpg]
[sunup.edu.bd/wp-content/uploads/2020/03/Rehana-Pervin-Mishu.png]
[sunup.edu.bd/wp-content/uploads/2020/03/Zinat-Rehana.png]
[sunup.edu.bd/wp-content/uploads/2020/01/Ummey-Habiba-Lovely.png]
[sunup.edu.bd/wp-content/uploads/2020/01/Arzu-Pervin.png]
[sunup.edu.bd/wp-content/uploads/2020/01/Zhumur-Zaman.png]
[sunup.edu.bd/wp-content/uploads/2020/01/Md.-Shamsuzzaman-Lintu.png]
[sunup.edu.bd/wp-content/uploads/2020/03/Murchona-Moyukh.jpg]
[sunup.edu.bd/wp-content/uploads/2020/03/Sonahar-Khatun-Tara.png]
[sunup.edu.bd/wp-content/uploads/2020/01/Janntul-Ferdous-Labonno.png]
[sunup.edu.bd/wp-content/uploads/2020/01/Munjura-Parven-Labonee.png]
[sunup.edu.bd/wp-content/uploads/2020/03/Monira-Biswas-Shathi.jpg]
[sunup.edu.bd/wp-content/uploads/2020/03/Md.-Alimuzzaman-Alim.png]
[sunup.edu.bd/wp-content/uploads/2020/03/Nasrin-Akhter.jpg]
[sunup.edu.bd/wp-content/uploads/2020/03/Farzana-Atique-Orin.png]
[sunup.edu.bd/wp-content/uploads/2020/03/Jannatul-Ferdous.png]
[sunup.edu.bd/wp-content/uploads/2020/01/Syeda-shamima-nasrin-sumi.png]
[sunup.edu.bd/wp-content/uploads/2020/03/Mst.-Shila-Khatun.png]
[sunup.edu.bd/wp-content/uploads/2021/10/Sabiha-Salauddin-Rasna.jpg]
[sunup.edu.bd/wp-content/uploads/2021/10/Md.-Ahsadullah-Al-Galib.jpg]
[sunup.edu.bd/wp-content/uploads/2021/10/Md.-Ashiqur-Rahman.jpg]
[sunup.edu.bd/wp-content/uploads/2021/10/Sonia-Khatun.jpg]
[sunup.edu.bd/wp-content/uploads/2021/10/Shahana-Yesmin.jpg]
[sunup.edu.bd/wp-content/uploads/2021/10/Md.-Abu-Kawser-Tusher.jpg]
[sunup.edu.bd/wp-content/uploads/2021/10/Farhana-Nasrin.jpg]
[sunup.edu.bd/wp-content/uploads/2021/10/Tasmia-Tuz-Zohora.jpg]
[sunup.edu.bd/wp-content/uploads/2021/10/Janntul-Ferdous-Labonno.png]
[sunup.edu.bd/wp-content/uploads/2021/10/Munjura-Parven-Labonee.jpg]
[sunup.edu.bd/teachers/index.html]
[sunup.edu.bd/wp-json/wp/v2/pages/408.json]
[sunup.edu.bd/wp-json/oembed/1.0/embedf956.json]
[sunup.edu.bd/wp-json/oembed/1.0/embedfa54]
[sunup.edu.bd/wp-content/uploads/2020/01/10.jpg]
[sunup.edu.bd/e-learning/index.html]
[sunup.edu.bd/wp-json/wp/v2/pages/409.json]
[sunup.edu.bd/wp-json/oembed/1.0/embed1538.json]
[sunup.edu.bd/wp-json/oembed/1.0/embeda750]
[sunup.edu.bd/wp-content/uploads/2021/09/Students-Oath-of-SunUp.jpg]
[sunup.edu.bd/students-oath/index.html]
[sunup.edu.bd/wp-json/wp/v2/pages/410.json]
[sunup.edu.bd/wp-json/oembed/1.0/embed5e86.json]
[sunup.edu.bd/dress-code/index.html]
[sunup.edu.bd/wp-json/oembed/1.0/embed1c80]
[sunup.edu.bd/wp-json/wp/v2/pages/411.json]
[sunup.edu.bd/wp-json/oembed/1.0/embed8cda.json]
[sunup.edu.bd/wp-json/oembed/1.0/embed5d5b]
[sunup.edu.bd/wp-content/uploads/2020/01/Sunup-Logo-980x1024.png]
[sunup.edu.bd/wp-content/uploads/2021/09/SunUp-Book-Background.jpg]
[sunup.edu.bd/exam-rules/index.html]
[sunup.edu.bd/wp-json/wp/v2/pages/953.json]
[sunup.edu.bd/wp-json/oembed/1.0/embedee09.json]
[sunup.edu.bd/wp-json/oembed/1.0/embed23e4]
[sunup.edu.bd/code-of-conduct/index.html]
[sunup.edu.bd/wp-json/wp/v2/pages/954.json]
[sunup.edu.bd/wp-json/oembed/1.0/embed9baa.json]
[sunup.edu.bd/wp-json/oembed/1.0/embed1bbd]
[sunup.edu.bd/classroom-maintenance/index.html]
[sunup.edu.bd/wp-json/wp/v2/pages/960.json]
[sunup.edu.bd/wp-json/oembed/1.0/embed1ede.json]
[sunup.edu.bd/wp-json/oembed/1.0/embedb8eb]
[sunup.edu.bd/pupils-rights-responsibilities/index.html]
[sunup.edu.bd/wp-json/wp/v2/pages/426.json]
[sunup.edu.bd/wp-json/oembed/1.0/embedf835.json]
[sunup.edu.bd/achivement/index.html]
[sunup.edu.bd/wp-json/oembed/1.0/embed8efe]
[sunup.edu.bd/wp-json/wp/v2/pages/1982.json]
[sunup.edu.bd/wp-json/oembed/1.0/embedae7c.json]
[sunup.edu.bd/wp-json/oembed/1.0/embed1ac7]
[cdn.datatables.net/1.10.22/css/jquery.dataTables.min.css]
[cdn.datatables.net/1.10.22/js/jquery.dataTables.min.js]
[www.dpe.gov.bd/sites/default/files/files/dpe.portal.gov.bd/notices/d3a4f463_dbec_4ce4_a675_41670aaacee5/received_4500788566696518.jpg]
[code.jquery.com/jquery-3.5.1.js]
[sunup.edu.bd/wp-content/uploads/2021/09/pdf-logo.png]
[www.dpe.gov.bd/sites/default/files/files/dpe.portal.gov.bd/notices/52ed694f_82e6_48f9_a647_12f95d5a6a7c/ro_19.jpg]
[www.dpe.gov.bd/sites/default/files/files/dpe.portal.gov.bd/notices/52ed694f_82e6_48f9_a647_12f95d5a6a7c/IMG_8554.jpg]
[www.dpe.gov.bd/sites/default/files/files/dpe.portal.gov.bd/notices/52ed694f_82e6_48f9_a647_12f95d5a6a7c/ro_20.jpg]
[www.dpe.gov.bd/sites/default/files/files/dpe.portal.gov.bd/notices/52ed694f_82e6_48f9_a647_12f95d5a6a7c/IMG_8606.jpg]
[www.dpe.gov.bd/sites/default/files/files/dpe.portal.gov.bd/notices/52ed694f_82e6_48f9_a647_12f95d5a6a7c/IMG-8741.jpg]
[www.dpe.gov.bd/sites/default/files/files/dpe.portal.gov.bd/notices/52ed694f_82e6_48f9_a647_12f95d5a6a7c/ro-26 (2).jpg]
[www.dpe.gov.bd/sites/default/files/files/dpe.portal.gov.bd/notices/52ed694f_82e6_48f9_a647_12f95d5a6a7c/apr-27.jpg]
[www.dpe.gov.bd/sites/default/files/files/dpe.portal.gov.bd/notices/52ed694f_82e6_48f9_a647_12f95d5a6a7c/FB_IMG_1588089874314.jpg]
[www.dpe.gov.bd/sites/default/files/files/dpe.portal.gov.bd/notices/52ed694f_82e6_48f9_a647_12f95d5a6a7c/IMG_8769.jpg]
[www.dpe.gov.bd/sites/default/files/files/dpe.portal.gov.bd/notices/52ed694f_82e6_48f9_a647_12f95d5a6a7c/FB_IMG_1588334244801.jpg]
[www.dpe.gov.bd/sites/default/files/files/dpe.portal.gov.bd/notices/52ed694f_82e6_48f9_a647_12f95d5a6a7c/IMG-8778.jpg]
[www.dpe.gov.bd/sites/default/files/files/dpe.portal.gov.bd/notices/52ed694f_82e6_48f9_a647_12f95d5a6a7c/IMG_8777 (1).jpg]
[www.dpe.gov.bd/sites/default/files/files/dpe.portal.gov.bd/notices/52ed694f_82e6_48f9_a647_12f95d5a6a7c/may_06.jpg]
[www.dpe.gov.bd/sites/default/files/files/dpe.portal.gov.bd/notices/52ed694f_82e6_48f9_a647_12f95d5a6a7c/may-07 (1).jpg]
[www.dpe.gov.bd/sites/default/files/files/dpe.portal.gov.bd/notices/52ed694f_82e6_48f9_a647_12f95d5a6a7c/may-10.jpg]
[www.dpe.gov.bd/sites/default/files/files/dpe.portal.gov.bd/notices/52ed694f_82e6_48f9_a647_12f95d5a6a7c/IMG_9404.jpg]
[www.dpe.gov.bd/sites/default/files/files/dpe.portal.gov.bd/notices/52ed694f_82e6_48f9_a647_12f95d5a6a7c/IMG_9415.jpg]
[www.dpe.gov.bd/sites/default/files/files/dpe.portal.gov.bd/notices/52ed694f_82e6_48f9_a647_12f95d5a6a7c/IMG-9438 (1).jpg]
[www.dpe.gov.bd/sites/default/files/files/dpe.portal.gov.bd/notices/52ed694f_82e6_48f9_a647_12f95d5a6a7c/IMG-9442.jpg]
[www.dpe.gov.bd/sites/default/files/files/dpe.portal.gov.bd/notices/52ed694f_82e6_48f9_a647_12f95d5a6a7c/IMG-9821.jpg]
[sunup.edu.bd/wp-content/uploads/2021/09/JPG.png]
[www.dpe.gov.bd/sites/default/files/files/dpe.portal.gov.bd/notices/52ed694f_82e6_48f9_a647_12f95d5a6a7c/IMG_0156.jpg]
[www.dpe.gov.bd/sites/default/files/files/dpe.portal.gov.bd/notices/52ed694f_82e6_48f9_a647_12f95d5a6a7c/batar.jpg]
[www.dpe.gov.bd/sites/default/files/files/dpe.portal.gov.bd/notices/52ed694f_82e6_48f9_a647_12f95d5a6a7c/bater (1).jpg]
[sunup.edu.bd/notice-for-psc/index.html]
[sunup.edu.bd/wp-json/wp/v2/pages/1983.json]
[sunup.edu.bd/wp-json/oembed/1.0/embed779f.json]
[sunup.edu.bd/wp-json/oembed/1.0/embed686b]
[sunup.edu.bd/notice-for-jsc/index.html]
[sunup.edu.bd/wp-json/wp/v2/pages/1984.json]
[sunup.edu.bd/wp-json/oembed/1.0/embed821c.json]
[sunup.edu.bd/notice-for-ssc/index.html]
[sunup.edu.bd/wp-json/oembed/1.0/embed9093]
[sunup.edu.bd/wp-json/wp/v2/pages/1985.json]
[sunup.edu.bd/wp-json/oembed/1.0/embed8517.json]
[sunup.edu.bd/notice-for-hsc/index.html]
[sunup.edu.bd/wp-json/oembed/1.0/embed40b4]
[sunup.edu.bd/wp-json/wp/v2/pages/18.json]
[sunup.edu.bd/wp-json/oembed/1.0/embedfb9b.json]
[sunup.edu.bd/wp-json/oembed/1.0/embed9d21]
[sunup.edu.bd/wp-content/uploads/2021/09/Holiday-Notice-for-Corona-Virus-COVID-19.pdf]
[sunup.edu.bd/wp-content/uploads/2021/09/Notice_08-International-Mother-Language-Day-2020.pdf]
[sunup.edu.bd/wp-content/uploads/2021/09/Notice_05-Annual-Picnic.pdf]
[sunup.edu.bd/wp-content/uploads/2021/09/Notice_04-Annual-Sports-2020.pdf]
[sunup.edu.bd/wp-content/uploads/2021/09/Notice_03-Pitha-Utshob-–-2020.pdf]
[sunup.edu.bd/notice-for-others/index.html]
[sunup.edu.bd/wp-json/wp/v2/pages/430.json]
[sunup.edu.bd/wp-json/oembed/1.0/embedf748.json]
[sunup.edu.bd/wp-json/oembed/1.0/embedef76]
[sunup.edu.bd/wp-content/uploads/2021/09/School-Bus.jpg]
[sunup.edu.bd/transportation/index.html]
[sunup.edu.bd/wp-json/wp/v2/pages/433.json]
[sunup.edu.bd/wp-json/oembed/1.0/embed438a.json]
[sunup.edu.bd/wp-json/oembed/1.0/embed63f7]
[sunup.edu.bd/cafeteria/index.html]
[sunup.edu.bd/wp-json/wp/v2/pages/434.json]
[sunup.edu.bd/wp-json/oembed/1.0/embed2b86.json]
[sunup.edu.bd/health-care/index.html]
[sunup.edu.bd/wp-json/oembed/1.0/embedeb1c]
[sunup.edu.bd/wp-json/wp/v2/pages/435.json]
[sunup.edu.bd/wp-json/oembed/1.0/embedc4df.json]
[sunup.edu.bd/smart-class/index.html]
[sunup.edu.bd/wp-json/oembed/1.0/embed0dfa]
[sunup.edu.bd/wp-json/wp/v2/pages/436.json]
[sunup.edu.bd/wp-json/oembed/1.0/embed46d7.json]
[sunup.edu.bd/wp-json/oembed/1.0/embedb177]
[sunup.edu.bd/wp-content/uploads/2021/09/Study-Tour-of-SunUp.png]
[sunup.edu.bd/study-tour/index.html]
[sunup.edu.bd/wp-json/wp/v2/pages/1029.json]
[sunup.edu.bd/wp-json/oembed/1.0/embed21d8.json]
[sunup.edu.bd/wp-json/oembed/1.0/embed9439]
[sunup.edu.bd/career/index.html]
[sunup.edu.bd/wp-json/wp/v2/pages/474.json]
[sunup.edu.bd/wp-json/oembed/1.0/embed2a00.json]
[sunup.edu.bd/wp-json/oembed/1.0/embed7423]
[sunup.edu.bd/wp-content/uploads/2021/09/SunUp.jpg]
[sunup.edu.bd/wp-content/uploads/2020/01/20200110_145011-scaled.jpg]
[sunup.edu.bd/wp-content/uploads/2020/02/Pitha-Uthsob-2020-SunUp.jpg]
[sunup.edu.bd/wp-content/uploads/2020/02/Annual-Picnic-SunUp-International-School-College-Kushtia_6.jpg]
[sunup.edu.bd/mujib-borsho-2020/index.html]
[sunup.edu.bd/wp-content/uploads/2020/01/Annual-Program_67-scaled.128.delayed]
[sunup.edu.bd/pitha-uthsob-2020/index.html]
[sunup.edu.bd/wp-content/uploads/2020/01/20191104_122232-scaled.jpg]
[sunup.edu.bd/annual-picnic-2020/index.html]
[sunup.edu.bd/photo-gallery/index.html]
[sunup.edu.bd/annual-program-2019/index.html]
[sunup.edu.bd/science-fair-2019/index.html]
[sunup.edu.bd/wp-json/wp/v2/pages/475.json]
[sunup.edu.bd/wp-json/oembed/1.0/embed8788.json]
[sunup.edu.bd/video-gallery/index.html]
[sunup.edu.bd/wp-json/oembed/1.0/embedf65d]
[sunup.edu.bd/wp-json/wp/v2/pages/455.json]
[sunup.edu.bd/wp-json/oembed/1.0/embedc280.json]
[sunup.edu.bd/contact-details/index.html]
[sunup.edu.bd/স্মারকবৃক্ষ-রোপণ-ও-বিতরণ/index.html]
[sunup.edu.bd/wp-json/oembed/1.0/embed038d]
[sunup.edu.bd/memorial-tree/index.html]
[sunup.edu.bd/wp-json/wp/v2/posts/1586.json]
[sunup.edu.bd/wp-json/oembed/1.0/embeddf36.json]
[sunup.edu.bd/wp-json/oembed/1.0/embed8a09]
[sunup.edu.bd/wp-content/uploads/2020/02/Winner-of-Bangladesh-Physics-Olympiad-2020.jpg]
[sunup.edu.bd/category/achivements/index.html]
[sunup.edu.bd/wp-content/uploads/2020/02/Winner-of-Bangladesh-Physics-Olympiad-2020_G.jpg]
[sunup.edu.bd/wp-content/uploads/2020/02/Winner-of-Bangladesh-Physics-Olympiad-2020_B.jpg]
[sunup.edu.bd/wp-content/uploads/2020/02/Winner-of-Bangladesh-Physics-Olympiad-2020_N.jpg]
[sunup.edu.bd/author/sunupfs13/index.html]
[sunup.edu.bd/wp-content/uploads/2020/02/Winner-of-Bangladesh-Physics-Olympiad-2020_F.jpg]
[sunup.edu.bd/wp-login.html]
[sunup.edu.bd/winner-of-bangladesh-physics-olympiad-2020/index.html]
[sunup.edu.bd/2021/09/index.html]
[sunup.edu.bd/2020/12/index.html]
[sunup.edu.bd/2020/02/index.html]
[sunup.edu.bd/wp-json/wp/v2/posts/1861.json]
[sunup.edu.bd/category/blogpost/index.html]
[sunup.edu.bd/wp-json/oembed/1.0/embed10cb.json]
[sunup.edu.bd/wp-json/oembed/1.0/embedfd8b]
[sunup.edu.bd/wp-content/uploads/2020/12/6EM-1024x991.png]
[sunup.edu.bd/wp-content/uploads/2020/12/6BM.png]
[sunup.edu.bd/wp-content/uploads/2020/12/7EM-1024x1000.png]
[sunup.edu.bd/wp-content/uploads/2021/01/8_Update-1024x846.png]
[sunup.edu.bd/wp-content/uploads/2020/12/9-1024x715.png]
[sunup.edu.bd/assignment-evolution-2020/index.html]
[sunup.edu.bd/wp-json/wp/v2/pages/3.json]
[sunup.edu.bd/privacy-policy/feed/index.html]
[sunup.edu.bd/wp-json/oembed/1.0/embed2d68.json]
[sunup.edu.bd/privacy-policy/index.html]
[sunup.edu.bd/wp-json/oembed/1.0/embed620b]
[sunup.edu.bd/wp-json/wp/v2/pages/2966.json]
[sunup.edu.bd/wp-json/oembed/1.0/embede07b.json]
[sunup.edu.bd/terms-conditions/index.html]
[sunup.edu.bd/wp-content/themes/flatsome/assets/css/icons/fl-icons.svg]
[sunup.edu.bd/wp-json/oembed/1.0/embed7262]
[sunup.edu.bd/sunup/icons/cross-inverse.html]
[sunup.edu.bd/sunup/icons/cross.html]
[sunup.edu.bd/sunup/certificate_verification/images/Searchs_001.jpg]
[sunup.edu.bd/sunup/certificate_verification/css/maincss.css]
[sunup.edu.bd/sunup/backend/usertemplate/assets/bootstrap/fonts/glyphicons-halflings-regular.eot]
[sunup.edu.bd/sunup/backend/usertemplate/assets/bootstrap/fonts/glyphicons-halflings-regulard41d.eot]
[sunup.edu.bd/sunup/backend/usertemplate/assets/bootstrap/fonts/glyphicons-halflings-regular.woff2]
[sunup.edu.bd/sunup/backend/usertemplate/assets/bootstrap/fonts/glyphicons-halflings-regular.woff]
[sunup.edu.bd/sunup/backend/usertemplate/assets/bootstrap/fonts/glyphicons-halflings-regular.ttf]
[sunup.edu.bd/sunup/backend/usertemplate/assets/bootstrap/css/bootstrap.min.css]
[sunup.edu.bd/sunup/backend/usertemplate/assets/bootstrap/fonts/glyphicons-halflings-regular.svg]
[sunup.edu.bd/sunup/backend/usertemplate/assets/font-awesome/fonts/fontawesome-webfonte0a5.eot]
[sunup.edu.bd/sunup/backend/usertemplate/assets/font-awesome/fonts/fontawesome-webfontd41d.eot]
[sunup.edu.bd/sunup/backend/usertemplate/assets/font-awesome/fonts/fontawesome-webfonte0a5.woff2]
[sunup.edu.bd/sunup/backend/usertemplate/assets/font-awesome/fonts/fontawesome-webfonte0a5.woff]
[sunup.edu.bd/sunup/backend/usertemplate/assets/font-awesome/fonts/fontawesome-webfonte0a5.ttf]
[sunup.edu.bd/sunup/backend/usertemplate/assets/font-awesome/css/font-awesome.min.css]
[sunup.edu.bd/sunup/backend/usertemplate/assets/css/form-elements.css]
[sunup.edu.bd/sunup/backend/usertemplate/assets/font-awesome/fonts/roboto-regular-webfont.eot]
[sunup.edu.bd/sunup/backend/usertemplate/assets/font-awesome/fonts/roboto-regular-webfontd41d.eot]
[sunup.edu.bd/sunup/backend/usertemplate/assets/font-awesome/fonts/roboto-regular-webfont.woff2]
[sunup.edu.bd/sunup/backend/usertemplate/assets/font-awesome/fonts/roboto-regular-webfont.woff]
[sunup.edu.bd/sunup/backend/usertemplate/assets/font-awesome/fonts/fontawesome-webfonte0a5.svg]
[sunup.edu.bd/sunup/backend/usertemplate/assets/font-awesome/fonts/roboto-regular-webfont.ttf]
[sunup.edu.bd/sunup/backend/usertemplate/assets/css/style.css]
[sunup.edu.bd/sunup/backend/usertemplate/assets/css/jquery.mCustomScrollbar.min.css]
[sunup.edu.bd/sunup/site/ufpassword.html]
[sunup.edu.bd/sunup/index.html]
[sunup.edu.bd/sunup/site/forgotpassword.html]
[sunup.edu.bd/index2e8b.html]
[sunup.edu.bd/index63fb.html]
[sunup.edu.bd/index8ee7.html]
[sunup.edu.bd/indexeffc.html]
[sunup.edu.bd/index3cee.html]
[sunup.edu.bd/indexf604.html]
[sunup.edu.bd/indexd06c.html]
[sunup.edu.bd/index80a3.html]
[sunup.edu.bd/index6fdb.html]
[sunup.edu.bd/index3e1b.html]
[sunup.edu.bd/index50ca.html]
[sunup.edu.bd/index57e7.html]
[sunup.edu.bd/indexf5a4.html]
[sunup.edu.bd/indexcaf0.html]
[sunup.edu.bd/index43fc.html]
[sunup.edu.bd/indexe145.html]
[sunup.edu.bd/index0ed6.html]
[sunup.edu.bd/index8eaf.html]
[sunup.edu.bd/index342f.html]
[sunup.edu.bd/index74e6.html]
[sunup.edu.bd/indexca7c.html]
[sunup.edu.bd/index2202.html]
[sunup.edu.bd/index6b08.html]
[cdn.datatables.net/1.10.22/images/sort_both.png]
[sunup.edu.bd/sunup/backend/usertemplate/assets/font-awesome/fonts/roboto-regular-webfont.svg]
[cdn.datatables.net/1.10.22/images/sort_asc.png]
[cdn.datatables.net/1.10.22/images/sort_desc.png]
[cdn.datatables.net/1.10.22/images/sort_asc_disabled.png]
[cdn.datatables.net/1.10.22/images/sort_desc_disabled.png]
[cdn.datatables.net/1.10.22/css/jquery.dataTables.min.css]
[sunup.edu.bd/index7c5e.html]
[sunup.edu.bd/indexe790.html]
[sunup.edu.bd/index46ab.html]
[sunup.edu.bd/index0735.html]
[sunup.edu.bd/indexbdc5.html]
[sunup.edu.bd/index1557.html]
[sunup.edu.bd/index5442.html]
[sunup.edu.bd/index6205.html]
[sunup.edu.bd/indexc1f6.html]
[sunup.edu.bd/indexd589.html]
[sunup.edu.bd/indexb7bc.html]
[sunup.edu.bd/wp-json/wp/v2/pages/1499.json]
[sunup.edu.bd/wp-json/oembed/1.0/embeda9fa.json]
[sunup.edu.bd/wp-json/oembed/1.0/embed6a67]
[sunup.edu.bd/wp-content/uploads/2020/01/mb.png]
[sunup.edu.bd/wp-content/uploads/2020/01/20200110_150244-scaled.jpg]
[sunup.edu.bd/wp-content/uploads/2020/01/20200110_150346-scaled.jpg]
[sunup.edu.bd/wp-content/uploads/2020/01/20200110_150347-scaled.jpg]
[sunup.edu.bd/wp-content/uploads/2020/01/20200110_150916-1024x799.jpg]
[sunup.edu.bd/wp-content/uploads/2020/01/20200110_151953-1024x768.jpg]
[sunup.edu.bd/wp-content/uploads/2020/01/20200110_151930-1024x768.jpg]
[sunup.edu.bd/wp-content/uploads/2020/01/20200110_215819-1024x906.jpg]
[sunup.edu.bd/wp-content/uploads/2020/01/20200110_153628-1024x990.jpg]
[sunup.edu.bd/wp-content/uploads/2020/01/20200110_145011-1024x789.jpg]
[sunup.edu.bd/wp-content/uploads/2020/01/20200110_145356-1024x637.jpg]
[sunup.edu.bd/wp-content/themes/flatsome/assets/libs/packery.pkgd.min7ff8.js]
[sunup.edu.bd/mujib-borsho-2020/index.html]
[sunup.edu.bd/wp-json/wp/v2/pages/1661.json]
[sunup.edu.bd/wp-json/oembed/1.0/embed15ba.json]
[sunup.edu.bd/wp-json/oembed/1.0/embed8936]
[sunup.edu.bd/wp-content/uploads/2020/02/Pitha-Uthsob-2020-SunUp-.jpg]
[sunup.edu.bd/wp-content/uploads/2020/02/Pitha-Uthsob-2020-SunUp-1-2.jpg]
[sunup.edu.bd/wp-content/uploads/2020/02/Pitha-Uthsob-2020-SunUp-1-1.jpg]
[sunup.edu.bd/pitha-uthsob-2020/index.html]
[sunup.edu.bd/wp-json/wp/v2/pages/1694.json]
[sunup.edu.bd/wp-json/oembed/1.0/embed43a4.json]
[sunup.edu.bd/wp-json/oembed/1.0/embed6689]
[sunup.edu.bd/wp-content/uploads/2020/02/Annual-Picnic-SunUp-International-School-College-Kushtia.jpg]
[sunup.edu.bd/wp-content/uploads/2020/02/Annual-Picnic-SunUp-International-School-College-Kushtia_2.jpg]
[sunup.edu.bd/wp-content/uploads/2020/02/Annual-Picnic-SunUp-International-School-College-Kushtia_3.jpg]
[sunup.edu.bd/wp-content/uploads/2020/02/Annual-Picnic-SunUp-International-School-College-Kushtia_4.jpg]
[sunup.edu.bd/wp-content/uploads/2020/02/Annual-Picnic-SunUp-International-School-College-Kushtia_8.jpg]
[sunup.edu.bd/wp-content/uploads/2020/02/Annual-Picnic-SunUp-International-School-College-Kushtia_10.jpg]
[sunup.edu.bd/wp-content/uploads/2020/02/Annual-Picnic-SunUp-International-School-College-Kushtia_7.jpg]
[sunup.edu.bd/annual-picnic-2020/index.html]
[sunup.edu.bd/wp-json/wp/v2/pages/1375.json]
[sunup.edu.bd/wp-json/oembed/1.0/embed235f.json]
[sunup.edu.bd/wp-json/oembed/1.0/embed01e3]
[sunup.edu.bd/wp-content/uploads/2020/01/4-2.jpg]
[sunup.edu.bd/wp-content/uploads/2020/01/Annual-Program_45-scaled.jpg]
[sunup.edu.bd/wp-content/uploads/2020/01/Annual-Program_44-scaled.jpg]
[sunup.edu.bd/wp-content/uploads/2020/01/Annual-Program_42-scaled.jpg]
[sunup.edu.bd/wp-content/uploads/2020/01/Annual-Program_43-1024x768.jpg]
[sunup.edu.bd/wp-content/uploads/2020/01/Annual-Program_46-1024x768.jpg]
[sunup.edu.bd/wp-content/uploads/2020/01/Annual-Program_37-1024x585.jpg]
[sunup.edu.bd/wp-content/uploads/2020/01/Annual-Program_38-1024x768.jpg]
[sunup.edu.bd/wp-content/uploads/2020/01/Annual-Program_68-1024x691.jpg]
[sunup.edu.bd/wp-content/uploads/2020/01/Annual-Program_2-1024x577.jpg]
[sunup.edu.bd/wp-content/uploads/2020/01/Annual-Program_3.jpg]
[sunup.edu.bd/wp-content/uploads/2020/01/Annual-Program_4-1024x524.jpg]
[sunup.edu.bd/wp-content/uploads/2020/01/Annual-Program_5-1024x569.jpg]
[sunup.edu.bd/wp-content/uploads/2020/01/Annual-Program_41-1024x768.jpg]
[sunup.edu.bd/wp-content/uploads/2020/01/Annual-Program_6-1024x571.jpg]
[sunup.edu.bd/wp-content/uploads/2020/01/Annual-Program_7-1024x583.jpg]
[sunup.edu.bd/wp-content/uploads/2020/01/Annual-Program_23-1024x663.jpg]
[sunup.edu.bd/wp-content/uploads/2020/01/Annual-Program_62-1024x768.jpg]
[sunup.edu.bd/wp-content/uploads/2020/01/Annual-Program_69-1024x768.jpg]
[sunup.edu.bd/wp-content/uploads/2020/01/Annual-Program_57-1024x768.jpg]
[sunup.edu.bd/wp-content/uploads/2020/01/Annual-Program_61-1024x768.jpg]
[sunup.edu.bd/wp-content/uploads/2020/01/Annual-Program_18-1024x644.jpg]
[sunup.edu.bd/wp-content/uploads/2020/01/Annual-Program_63-1024x768.jpg]
[sunup.edu.bd/wp-content/uploads/2020/01/Annual-Program_10-1024x504.jpg]
[sunup.edu.bd/wp-content/uploads/2020/01/Annual-Program_9-1024x568.jpg]
[sunup.edu.bd/wp-content/uploads/2020/01/Annual-Program_17-1024x576.jpg]
[sunup.edu.bd/wp-content/uploads/2020/01/Annual-Program_55-1024x768.jpg]
[sunup.edu.bd/wp-content/uploads/2020/01/Annual-Program_56-1024x768.jpg]
[sunup.edu.bd/wp-content/uploads/2020/01/Annual-Program_60-1024x768.jpg]
[sunup.edu.bd/wp-content/uploads/2020/01/Annual-Program_70-1024x768.jpg]
[sunup.edu.bd/wp-content/uploads/2020/01/Annual-Program_53-1024x501.jpg]
[sunup.edu.bd/wp-content/uploads/2020/01/Annual-Program_66-1024x768.jpg]
[sunup.edu.bd/wp-content/uploads/2020/01/Annual-Program_51-1024x709.jpg]
[sunup.edu.bd/wp-content/uploads/2020/01/Annual-Program_31-1024x665.jpg]
[sunup.edu.bd/wp-content/uploads/2020/01/Annual-Program_30-1024x502.jpg]
[sunup.edu.bd/wp-content/uploads/2020/01/Annual-Program_29-1024x768.jpg]
[sunup.edu.bd/wp-content/uploads/2020/01/Annual-Program_26-827x1024.jpg]
[sunup.edu.bd/wp-content/uploads/2020/01/Annual-Program_50-1024x768.jpg]
[sunup.edu.bd/wp-content/uploads/2020/01/Annual-Program_49-1024x768.jpg]
[sunup.edu.bd/wp-content/uploads/2020/01/Annual-Program_48-1024x768.jpg]
[sunup.edu.bd/wp-content/uploads/2020/01/Annual-Program_39-1024x914.jpg]
[sunup.edu.bd/wp-content/uploads/2020/01/Annual-Program_16-1024x542.jpg]
[sunup.edu.bd/wp-content/uploads/2020/01/Annual-Program_15-1024x547.jpg]
[sunup.edu.bd/wp-content/uploads/2020/01/Annual-Program_11-1024x576.jpg]
[sunup.edu.bd/wp-content/uploads/2020/01/Annual-Program_14-1024x574.jpg]
[sunup.edu.bd/wp-content/uploads/2020/01/Annual-Program_13.jpg]
[sunup.edu.bd/wp-content/uploads/2020/01/Annual-Program-1024x550.jpg]
[sunup.edu.bd/wp-content/uploads/2020/01/Annual-Program_20-1024x791.jpg]
[sunup.edu.bd/wp-content/uploads/2020/01/Annual-Program_36-1024x644.jpg]
[sunup.edu.bd/wp-content/uploads/2020/01/Annual-Program_19-1024x768.jpg]
[sunup.edu.bd/wp-content/uploads/2020/01/Annual-Program_12-1024x427.jpg]
[sunup.edu.bd/wp-content/uploads/2020/01/Annual-Program_21-1024x768.jpg]
[sunup.edu.bd/wp-content/uploads/2020/01/Annual-Program_35-1024x768.jpg]
[sunup.edu.bd/wp-content/uploads/2020/01/Annual-Program_34-1024x612.jpg]
[sunup.edu.bd/wp-content/uploads/2020/01/Annual-Program_54-1024x768.jpg]
[sunup.edu.bd/wp-content/uploads/2020/01/Annual-Program_52-1024x768.jpg]
[sunup.edu.bd/wp-content/uploads/2020/01/3-2.jpg]
[sunup.edu.bd/annual-program-2019/index.html]
[sunup.edu.bd/wp-json/wp/v2/pages/1555.json]
[sunup.edu.bd/wp-json/oembed/1.0/embeda3a6.json]
[sunup.edu.bd/wp-json/oembed/1.0/embed5568]
[sunup.edu.bd/wp-content/uploads/2020/01/20191104_114846-scaled.jpg]
[sunup.edu.bd/wp-content/uploads/2020/01/20191104_122304-scaled.jpg]
[sunup.edu.bd/wp-content/uploads/2020/01/20191104_114755-1024x483.jpg]
[sunup.edu.bd/wp-content/uploads/2020/01/20191104_101320-1024x687.jpg]
[sunup.edu.bd/wp-content/uploads/2020/01/20191104_095433-1024x675.jpg]
[sunup.edu.bd/wp-content/uploads/2020/01/20191104_095101-1024x630.jpg]
[sunup.edu.bd/wp-content/uploads/2020/01/20191104_094815-1024x622.jpg]
[sunup.edu.bd/science-fair-2019/index.html]
[sunup.edu.bd/index8a0c.html]
[sunup.edu.bd/index9e38.html]
[sunup.edu.bd/wp-json/wp/v2/posts/3272.json]
[sunup.edu.bd/wp-json/oembed/1.0/embedf351.json]
[sunup.edu.bd/wp-json/oembed/1.0/embedd663]
[sunup.edu.bd/wp-content/uploads/2021/09/SunUp-2.jpg]
[sunup.edu.bd/wp-content/uploads/2021/09/sunup-3.jpg]
[sunup.edu.bd/memorial-tree/index.html]
[sunup.edu.bd/index676b.html]
[sunup.edu.bd/category/achivements/feed/index.html]
[sunup.edu.bd/wp-json/wp/v2/categories/3.json]
[sunup.edu.bd/category/achivements/index.html]
[sunup.edu.bd/wp-json/wp/v2/users/1.json]
[sunup.edu.bd/author/sunupfs13/index.html]
[sunup.edu.bd/2021/09/index.html]
[sunup.edu.bd/2020/12/index.html]
[sunup.edu.bd/2020/02/index.html]
[sunup.edu.bd/author/sunupfs13/feed/index.html]
[sunup.edu.bd/wp-json/wp/v2/categories/1.json]
[sunup.edu.bd/category/blogpost/index.html]
[sunup.edu.bd/category/blogpost/feed/index.html]
[sunup.edu.bd/wp-includes/css/buttons.min1eb7.css]
[sunup.edu.bd/wp-admin/css/forms.min1eb7.css]
[sunup.edu.bd/wp-admin/css/l10n.min1eb7.css]
[sunup.edu.bd/wp-admin/css/login.min1eb7.css]
[sunup.edu.bd/wp-content/plugins/mojo-marketplace-wp-plugin/vendor/newfold-labs/wp-module-secure-passwords/assets/css/login4bf4.css]
[sunup.edu.bd/wp-loginc2b6.html]
[sunup.edu.bd/wp-includes/js/underscore.minb37e.js]
[sunup.edu.bd/wp-includes/js/wp-util.min1eb7.js]
[sunup.edu.bd/wp-content/plugins/mojo-marketplace-wp-plugin/vendor/newfold-labs/wp-module-secure-passwords/assets/js/secure-passwords4bf4.js]
[sunup.edu.bd/wp-includes/js/zxcvbn-async.min5152.js]
[sunup.edu.bd/wp-includes/js/dist/vendor/regenerator-runtime.min3937.js]
[sunup.edu.bd/wp-includes/js/dist/vendor/wp-polyfill.min2c7c.js]
[sunup.edu.bd/wp-includes/js/dist/hooks.mincbb5.js]
[sunup.edu.bd/wp-includes/js/dist/i18n.min771a.js]
[sunup.edu.bd/wp-admin/js/password-strength-meter.min1eb7.js]
[sunup.edu.bd/wp-admin/js/user-profile.min1eb7.js]
[sunup.edu.bd/wp-login.html]
[sunup.edu.bd/index800d.html]
[sunup.edu.bd/index2207.html]
[sunup.edu.bd/index97c4.html]
[sunup.edu.bd/sunup/backend/bootstrap/css/bootstrap.min.css]
[sunup.edu.bd/sunup/backend/images/errorimg.png]
[sunup.edu.bd/sunup/icons/cross-inverse.html]
[sunup.edu.bd/sunup/icons/cross.html]
[sunup.edu.bd/sunup/backend/usertemplate/assets/bootstrap/fonts/glyphicons-halflings-regular.svg]
[sunup.edu.bd/sunup/backend/usertemplate/assets/font-awesome/fonts/fontawesome-webfonte0a5.svg]
[sunup.edu.bd/sunup/backend/usertemplate/assets/font-awesome/fonts/roboto-regular-webfont.svg]
[sunup.edu.bd/indexaf1d.html]
[sunup.edu.bd/index2136.html]
[sunup.edu.bd/index320d.html]
[sunup.edu.bd/index3661.html]
[sunup.edu.bd/index7221.html]
[sunup.edu.bd/indexf420.html]
[sunup.edu.bd/wp-includes/css/buttons.min1eb7.css]
[sunup.edu.bd/wp-admin/images/loading.gif]
[sunup.edu.bd/wp-admin/css/forms.min1eb7.css]
[sunup.edu.bd/wp-admin/css/l10n.min1eb7.css]
[sunup.edu.bd/wp-admin/images/w-logo-blue7a53.png]
[sunup.edu.bd/wp-admin/images/wordpress-logo7d6b.svg]
[sunup.edu.bd/wp-admin/css/login.min1eb7.css]
[sunup.edu.bd/wp-content/plugins/mojo-marketplace-wp-plugin/vendor/newfold-labs/wp-module-secure-passwords/assets/css/login4bf4.css]
[sunup.edu.bd/wp-loginc2b6.html]
[sunup.edu.bd/sunup/backend/bootstrap/fonts/glyphicons-halflings-regular.eot]
[sunup.edu.bd/sunup/backend/bootstrap/fonts/glyphicons-halflings-regulard41d.eot]
[sunup.edu.bd/sunup/backend/bootstrap/fonts/glyphicons-halflings-regular.woff2]
[sunup.edu.bd/sunup/backend/bootstrap/fonts/glyphicons-halflings-regular.woff]
[sunup.edu.bd/sunup/backend/bootstrap/fonts/glyphicons-halflings-regular.ttf]
[sunup.edu.bd/sunup/backend/bootstrap/css/bootstrap.min.css]
[sunup.edu.bd/wp-admin/images/wordpress-logo7d6b.svg]
[sunup.edu.bd/sunup/backend/bootstrap/fonts/glyphicons-halflings-regular.svg]
[sunup.edu.bd/sunup/backend/bootstrap/fonts/glyphicons-halflings-regular.svg]
